// Vitest Snapshot v1, https://vitest.dev/guide/snapshot.html

exports[`createSSRClient > should fetch marketplace config successfully 1`] = `
{
  "cssString": "
  .marketplace-theme {
    --primary-color: #000000;
  }
",
  "manifestUrl": "https://api.sequence.build/marketplace/test-project/manifest.json",
  "market": {
    "bannerUrl": "",
    "collections": [
      {
        "bannerUrl": "",
        "chainId": 1,
        "currencyOptions": [
          "0x0000000000000000000000000000000000000000",
          "0xA0b86991c6218b36c1d19D4a2e9Eb0cE3606eB48",
        ],
        "destinationMarketplace": "sequence_marketplace_v2",
        "feePercentage": 3.5,
        "filterSettings": {
          "exclusions": [
            {
              "condition": "SPECIFIC_VALUE",
              "key": "Type",
              "value": "Sample",
            },
          ],
          "filterOrder": [
            "Type",
            "Rarity",
          ],
        },
        "isLAOSERC721": undefined,
        "itemsAddress": "0x0000000000000000000000000000000000000000",
        "marketplaceType": "MARKET",
      },
      {
        "bannerUrl": "https://example.com/collection-banner.png",
        "chainId": 137,
        "currencyOptions": [
          "0x0000000000000000000000000000000000000000",
        ],
        "destinationMarketplace": "opensea",
        "feePercentage": 2.5,
        "filterSettings": {
          "exclusions": [
            {
              "condition": "ENTIRE_KEY",
              "key": "Category",
            },
            {
              "condition": "SPECIFIC_VALUE",
              "key": "Level",
              "value": "Legendary",
            },
          ],
          "filterOrder": [
            "Category",
            "Level",
            "Element",
          ],
        },
        "isLAOSERC721": undefined,
        "itemsAddress": "0x1234567890123456789012345678901234567890",
        "marketplaceType": "MARKET",
      },
    ],
    "enabled": true,
    "ogImage": undefined,
    "title": "Test Marketplace",
  },
  "projectId": NaN,
  "settings": {
    "accessKey": undefined,
    "faviconUrl": "https://example.com/favicon.png",
    "fontUrl": undefined,
    "logoUrl": "https://example.com/logo.png",
    "publisherId": "test-publisher",
    "socials": {
      "discord": "https://discord.com/test",
      "instagram": "https://instagram.com/test",
      "tiktok": "",
      "twitter": "https://twitter.com/test",
      "website": "",
      "youtube": "",
    },
    "title": "Test Marketplace",
    "walletOptions": {
      "connectors": [
        "coinbase",
        "walletconnect",
      ],
      "includeEIP6963Wallets": true,
      "oidcIssuers": {},
      "walletType": "UNIVERSAL",
    },
  },
  "shop": {
    "bannerUrl": "",
    "collections": [
      {
        "bannerUrl": "",
        "chainId": 80002,
        "filterSettings": undefined,
        "isLAOSERC721": false,
        "itemsAddress": "0xf2ea13ce762226468deac9d69c8e77d291821676",
        "marketplaceType": "SHOP",
        "saleAddress": "0x30131575129ee043f9c7409ca599bfd8ffe1b4e0",
      },
    ],
    "enabled": true,
    "ogImage": undefined,
    "title": "",
  },
}
`;
