// Vitest Snapshot v1, https://vitest.dev/guide/snapshot.html

exports[`TransferModal Store > Initial State > should have correct initial state > initial-store-state 1`] = `
{
  "chainId": 0,
  "collectibleId": "",
  "collectionAddress": "0x",
  "hash": undefined,
  "isOpen": false,
  "onError": undefined,
  "onSuccess": undefined,
  "quantity": "1",
  "receiverAddress": "",
  "transferIsProcessesing": false,
  "view": "enterReceiverAddress",
}
`;
